
 RUN  v3.2.4 /Users/tiger/Documents/Cline/jobfit/frontend

stderr | src/test/JobDetail.test.tsx > JobDetail Page > should load and display job details
⚠️ React Router Future Flag Warning: React Router will begin wrapping state updates in `React.startTransition` in v7. You can use the `v7_startTransition` future flag to opt-in early. For more information, see https://reactrouter.com/v6/upgrading/future#v7_starttransition.
⚠️ React Router Future Flag Warning: Relative route resolution within Splat routes is changing in v7. You can use the `v7_relativeSplatPath` future flag to opt-in early. For more information, see https://reactrouter.com/v6/upgrading/future#v7_relativesplatpath.

 ❯ src/test/JobDetail.test.tsx (6 tests | 3 failed) 4899ms
   ✓ JobDetail Page > should load and display job details  398ms
   × JobDetail Page > should toggle applied status when checkbox is clicked 1624ms
     → [2mexpect([22m[31melement[39m[2m).toBeChecked()[22m

Received element is not checked:
  [31m<button
  aria-checked="false"
  class="peer h-4 w-4 shrink-0 rounded-sm border border-primary ring-offset-background data-[state=checked]:bg-primary data-[state=checked]:text-primary-foreground focus-visible:outline-none focus-visible:ring-2 focus-visible:ring-ring focus-visible:ring-offset-2 disabled:cursor-not-allowed disabled:opacity-50"
  data-state="unchecked"
  id="applied"
  role="checkbox"
  type="button"
  value="on"
/>[39m

Ignored nodes: comments, script, style
[36m<html>[39m
  [36m<head />[39m
  [36m<body>[39m
    [36m<div>[39m
      [36m<div[39m
        [33mclass[39m=[32m"page-container"[39m
      [36m>[39m
        [36m<div[39m
          [33mclass[39m=[32m"page-header"[39m
        [36m>[39m
          [36m<button[39m
            [33mclass[39m=[32m"inline-flex items-center justify-center gap-2 whitespace-nowrap text-sm font-medium ring-offset-background transition-colors focus-visible:outline-none focus-visible:ring-2 focus-visible:ring-ring focus-visible:ring-offset-2 disabled:pointer-events-none disabled:opacity-50 [&_svg]:pointer-events-none [&_svg]:size-4 [&_svg]:shrink-0 hover:bg-accent hover:text-accent-foreground h-9 rounded-md px-3 mb-4 -ml-2"[39m
          [36m>[39m
            [36m<svg[39m
              [33mclass[39m=[32m"lucide lucide-arrow-left mr-2 h-4 w-4"[39m
              [33mfill[39m=[32m"none"[39m
              [33mheight[39m=[32m"24"[39m
              [33mstroke[39m=[32m"currentColor"[39m
              [33mstroke-linecap[39m=[32m"round"[39m
              [33mstroke-linejoin[39m=[32m"round"[39m
              [33mstroke-width[39m=[32m"2"[39m
              [33mviewBox[39m=[32m"0 0 24 24"[39m
              [33mwidth[39m=[32m"24"[39m
              [33mxmlns[39m=[32m"http://www.w3.org/2000/svg"[39m
            [36m>[39m
              [36m<path[39m
                [33md[39m=[32m"m12 19-7-7 7-7"[39m
              [36m/>[39m
              [36m<path[39m
                [33md[39m=[32m"M19 12H5"[39m
              [36m/>[39m
            [36m</svg>[39m
            [0mBack to Dashboard[0m
          [36m</button>[39m
          [36m<div[39m
            [33mclass[39m=[32m"flex items-start justify-between"[39m
          [36m>[39m
            [36m<div[39m
              [33mclass[39m=[32m"flex items-start gap-4"[39m
            [36m>[39m
              [36m<div[39m
                [33mclass[39m=[32m"flex h-12 w-12 items-center justify-center rounded-lg bg-primary/10 text-primary"[39m
              [36m>[39m
                [36m<svg[39m
                  [33mclass[39m=[32m"lucide lucide-building2 h-6 w-6"[39m
                  [33mfill[39m=[32m"none"[39m
                  [33mheight[39m=[32m"24"[39m
                  [33mstroke[39m=[32m"currentColor"[39m
                  [33mstroke-linecap[39m=[32m"round"[39m
                  [33mstroke-linejoin[39m=[32m"round"[39m
                  [33mstroke-width[39m=[32m"2"[39m
                  [33mviewBox[39m=[32m"0 0 24 24"[39m
                  [33mwidth[39m=[32m"24"[39m
                  [33mxmlns[39m=[32m"http://www.w3.org/2000/svg"[39m
                [36m>[39m
                  [36m<path[39m
                    [33md[39m=[32m"M6 22V4a2 2 0 0 1 2-2h8a2 2 0 0 1 2 2v18Z"[39m
                  [36m/>[39m
                  [36m<path[39m
                    [33md[39m=[32m"M6 12H4a2 2 0 0 0-2 2v6a2 2 0 0 0 2 2h2"[39m
                  [36m/>[39m
                  [36m<path[39m
                    [33md[39m=[32m"M18 9h2a2 2 0 0 1 2 2v9a2 2 0 0 1-2 2h-2"[39m
                  [36m/>[39m
                  [36m<path[39m
                    [33md[39m=[32m"M10 6h4"[39m
                  [36m/>[39m
                  [36m<path[39m
                    [33md[39m=[32m"M10 10h4"[39m
                  [36m/>[39m
                  [36m<path[39m
                    [33md[39m=[32m"M10 14h4"[39m
                  [36m/>[39m
                  [36m<path[39m
                    [33md[39m=[32m"M10 18h4"[39m
                  [36m/>[39m
                [36m</svg>[39m
              [36m</div>[39m
              [36m<div>[39m
                [36m<h1[39m
                  [33mclass[39m=[32m"page-title"[39m
                [36m>[39m
                  [0mSoftware Engineer[0m
                [36m</h1>[39m
                [36m<p[39m
                  [33mclass[39m=[32m"text-muted-foreground flex items-center gap-2"[39m
                [36m>[39m
                  [0mTest Company[0m
                [36m</p>[39m
              [36m</div>[39m
            [36m</div>[39m
            [36m<div[39m
              [33mclass[39m=[32m"flex items-center gap-4"[39m
            [36m>[39m
              [36m<div[39m
                [33mclass[39m=[32m"inline-flex items-center rounded-full border text-xs transition-colors focus:outline-none focus:ring-2 focus:ring-ring focus:ring-offset-2 font-medium px-2.5 py-0.5 bg-success/10 text-success hover:bg-success/20 border-success/20 mr-2"[39m
              [36m>[39m
                [0m85[0m
                [0m%[0m
              [36m</div>[39m
              [36m<div[39m
                [33mclass[39m=[32m"flex items-center gap-2"[39m
              [36m>[39m
                [36m<button[39m
                  [33maria-checked[39m=[32m"false"[39m
                  [33mclass[39m=[32m"peer h-4 w-4 shrink-0 rounded-sm border border-primary ring-offset-background data-[state=checked]:bg-primary data-[state=checked]:text-primary-foreground focus-visible:outline-none focus-visible:ring-2 focus-visible:ring-ring focus-visible:ring-offset-2 disabled:cursor-not-allowed disabled:opacity-50"[39m
                  [33mdata-state[39m=[32m"unchecked"[39m
                  [33mid[39m=[32m"applied"[39m
                  [33mrole[39m=[32m"checkbox"[39m
                  [33mtype[39m=[32m"button"[39m
                  [33mvalue[39m=[32m"on"[39m
                [36m/>[39m
                [36m<label[39m
                  [33mclass[39m=[32m"peer-disabled:cursor-not-allowed peer-disabled:opacity-70 text-sm font-medium cursor-pointer"[39m
                  [33mfor[39m=[32m"applied"[39m
                [36m>[39m
                  [0mApplied[0m
                [36m</label>[39m
              [36m</div>[39m
              [36m<div[39m
                [33mclass[39m=[32m"flex items-center gap-2"[39m
              [36m>[39m
                [36m<button[39m
                  [33maria-controls[39m=[32m"radix-:r6:"[39m
                  [33maria-expanded[39m=[32m"false"[39m
                  [33maria-haspopup[39m=[32m"dialog"[39m
                  [33mclass[39m=[32m"inline-flex items-center justify-center gap-2 whitespace-nowrap rounded-md text-sm font-medium ring-offset-background transition-colors focus-visible:outline-none focus-visible:ring-2 focus-visible:ring-ring focus-visible:ring-offset-2 disabled:pointer-events-none disabled:opacity-50 [&_svg]:pointer-events-none [&_svg]:size-4 [&_svg]:shrink-0 border border-input bg-background hover:bg-accent hover:text-accent-foreground h-10 px-4 py-2"[39m
                  [33mdata-state[39m=[32m"closed"[39m
                  [33mtype[39m=[32m"button"[39m
                [36m>[39m
                  [36m<svg[39m
         ...
   × JobDetail Page > should revert applied status when unchecking 1167ms
     → [2mexpect([22m[31melement[39m[2m).not.toBeChecked()[22m

Received element is checked:
  [31m<button
  aria-checked="true"
  class="peer h-4 w-4 shrink-0 rounded-sm border border-primary ring-offset-background data-[state=checked]:bg-primary data-[state=checked]:text-primary-foreground focus-visible:outline-none focus-visible:ring-2 focus-visible:ring-ring focus-visible:ring-offset-2 disabled:cursor-not-allowed disabled:opacity-50"
  data-state="checked"
  id="applied"
  role="checkbox"
  type="button"
  value="on"
/>[39m

Ignored nodes: comments, script, style
[36m<html>[39m
  [36m<head />[39m
  [36m<body>[39m
    [36m<div>[39m
      [36m<div[39m
        [33mclass[39m=[32m"page-container"[39m
      [36m>[39m
        [36m<div[39m
          [33mclass[39m=[32m"page-header"[39m
        [36m>[39m
          [36m<button[39m
            [33mclass[39m=[32m"inline-flex items-center justify-center gap-2 whitespace-nowrap text-sm font-medium ring-offset-background transition-colors focus-visible:outline-none focus-visible:ring-2 focus-visible:ring-ring focus-visible:ring-offset-2 disabled:pointer-events-none disabled:opacity-50 [&_svg]:pointer-events-none [&_svg]:size-4 [&_svg]:shrink-0 hover:bg-accent hover:text-accent-foreground h-9 rounded-md px-3 mb-4 -ml-2"[39m
          [36m>[39m
            [36m<svg[39m
              [33mclass[39m=[32m"lucide lucide-arrow-left mr-2 h-4 w-4"[39m
              [33mfill[39m=[32m"none"[39m
              [33mheight[39m=[32m"24"[39m
              [33mstroke[39m=[32m"currentColor"[39m
              [33mstroke-linecap[39m=[32m"round"[39m
              [33mstroke-linejoin[39m=[32m"round"[39m
              [33mstroke-width[39m=[32m"2"[39m
              [33mviewBox[39m=[32m"0 0 24 24"[39m
              [33mwidth[39m=[32m"24"[39m
              [33mxmlns[39m=[32m"http://www.w3.org/2000/svg"[39m
            [36m>[39m
              [36m<path[39m
                [33md[39m=[32m"m12 19-7-7 7-7"[39m
              [36m/>[39m
              [36m<path[39m
                [33md[39m=[32m"M19 12H5"[39m
              [36m/>[39m
            [36m</svg>[39m
            [0mBack to Dashboard[0m
          [36m</button>[39m
          [36m<div[39m
            [33mclass[39m=[32m"flex items-start justify-between"[39m
          [36m>[39m
            [36m<div[39m
              [33mclass[39m=[32m"flex items-start gap-4"[39m
            [36m>[39m
              [36m<div[39m
                [33mclass[39m=[32m"flex h-12 w-12 items-center justify-center rounded-lg bg-primary/10 text-primary"[39m
              [36m>[39m
                [36m<svg[39m
                  [33mclass[39m=[32m"lucide lucide-building2 h-6 w-6"[39m
                  [33mfill[39m=[32m"none"[39m
                  [33mheight[39m=[32m"24"[39m
                  [33mstroke[39m=[32m"currentColor"[39m
                  [33mstroke-linecap[39m=[32m"round"[39m
                  [33mstroke-linejoin[39m=[32m"round"[39m
                  [33mstroke-width[39m=[32m"2"[39m
                  [33mviewBox[39m=[32m"0 0 24 24"[39m
                  [33mwidth[39m=[32m"24"[39m
                  [33mxmlns[39m=[32m"http://www.w3.org/2000/svg"[39m
                [36m>[39m
                  [36m<path[39m
                    [33md[39m=[32m"M6 22V4a2 2 0 0 1 2-2h8a2 2 0 0 1 2 2v18Z"[39m
                  [36m/>[39m
                  [36m<path[39m
                    [33md[39m=[32m"M6 12H4a2 2 0 0 0-2 2v6a2 2 0 0 0 2 2h2"[39m
                  [36m/>[39m
                  [36m<path[39m
                    [33md[39m=[32m"M18 9h2a2 2 0 0 1 2 2v9a2 2 0 0 1-2 2h-2"[39m
                  [36m/>[39m
                  [36m<path[39m
                    [33md[39m=[32m"M10 6h4"[39m
                  [36m/>[39m
                  [36m<path[39m
                    [33md[39m=[32m"M10 10h4"[39m
                  [36m/>[39m
                  [36m<path[39m
                    [33md[39m=[32m"M10 14h4"[39m
                  [36m/>[39m
                  [36m<path[39m
                    [33md[39m=[32m"M10 18h4"[39m
                  [36m/>[39m
                [36m</svg>[39m
              [36m</div>[39m
              [36m<div>[39m
                [36m<h1[39m
                  [33mclass[39m=[32m"page-title"[39m
                [36m>[39m
                  [0mSoftware Engineer[0m
                [36m</h1>[39m
                [36m<p[39m
                  [33mclass[39m=[32m"text-muted-foreground flex items-center gap-2"[39m
                [36m>[39m
                  [0mTest Company[0m
                [36m</p>[39m
              [36m</div>[39m
            [36m</div>[39m
            [36m<div[39m
              [33mclass[39m=[32m"flex items-center gap-4"[39m
            [36m>[39m
              [36m<div[39m
                [33mclass[39m=[32m"inline-flex items-center rounded-full border text-xs transition-colors focus:outline-none focus:ring-2 focus:ring-ring focus:ring-offset-2 font-medium px-2.5 py-0.5 bg-success/10 text-success hover:bg-success/20 border-success/20 mr-2"[39m
              [36m>[39m
                [0m85[0m
                [0m%[0m
              [36m</div>[39m
              [36m<div[39m
                [33mclass[39m=[32m"flex items-center gap-2"[39m
              [36m>[39m
                [36m<button[39m
                  [33maria-checked[39m=[32m"true"[39m
                  [33mclass[39m=[32m"peer h-4 w-4 shrink-0 rounded-sm border border-primary ring-offset-background data-[state=checked]:bg-primary data-[state=checked]:text-primary-foreground focus-visible:outline-none focus-visible:ring-2 focus-visible:ring-ring focus-visible:ring-offset-2 disabled:cursor-not-allowed disabled:opacity-50"[39m
                  [33mdata-state[39m=[32m"checked"[39m
                  [33mid[39m=[32m"applied"[39m
                  [33mrole[39m=[32m"checkbox"[39m
                  [33mtype[39m=[32m"button"[39m
                  [33mvalue[39m=[32m"on"[39m
                [36m>[39m
                  [36m<span[39m
                    [33mclass[39m=[32m"flex items-center justify-center text-current"[39m
                    [33mdata-state[39m=[32m"checked"[39m
                    [33mstyle[39m=[32m"pointer-events: none;"[39m
                  [36m>[39m
                    [36m<svg[39m
                      [33mclass[39m=[32m"lucide lucide-check h-4 w-4"[39m
                      [33mfill[39m=[32m"none"[39m
                      [33mheight[39m=[32m"24"[39m
                      [33mstroke[39m=[32m"currentColor"[39m
                      [33mstroke-linecap[39m=[32m"round"[39m
                      [33mstroke-linejoin[39m=[32m"round"[39m
                      [33mstroke-width[39m=[32m"2"[39m
                      [33mviewBox[39m=[32m"0 0 24 24"[39m
                      [33mwidth[39m=[32m"24"[39m
                      [33mxmlns[39m=[32m"http://www.w3.org/2000/svg"[39m
                    [36m>[39m
                      [36m<path[39m
                        [33md[39m=[32m"M20 6 9 17l-5-5"[39m
                      [36m/>[39m
                    [36m</svg>[39m
                  [36m</span>[39m
                [36m</button>[39m
                [36m<label[39m
                  [33mclass[39m=[32m"peer-disabled:cursor-not-allowed peer-disabled:opacity-70...
   ✓ JobDetail Page > should switch between resume and cover letter tabs 107ms
   × JobDetail Page > should handle content regeneration 1443ms
     → Unable to find an element with the text: 95%. This could be because the text is broken up by multiple elements. In this case, you can provide a function for your text matcher to make your matcher more flexible.

Ignored nodes: comments, script, style
[36m<body[39m
  [33mstyle[39m=[32m""[39m
[36m>[39m
  [36m<div>[39m
    [36m<div[39m
      [33mclass[39m=[32m"page-container"[39m
    [36m>[39m
      [36m<div[39m
        [33mclass[39m=[32m"page-header"[39m
      [36m>[39m
        [36m<button[39m
          [33mclass[39m=[32m"inline-flex items-center justify-center gap-2 whitespace-nowrap text-sm font-medium ring-offset-background transition-colors focus-visible:outline-none focus-visible:ring-2 focus-visible:ring-ring focus-visible:ring-offset-2 disabled:pointer-events-none disabled:opacity-50 [&_svg]:pointer-events-none [&_svg]:size-4 [&_svg]:shrink-0 hover:bg-accent hover:text-accent-foreground h-9 rounded-md px-3 mb-4 -ml-2"[39m
        [36m>[39m
          [36m<svg[39m
            [33mclass[39m=[32m"lucide lucide-arrow-left mr-2 h-4 w-4"[39m
            [33mfill[39m=[32m"none"[39m
            [33mheight[39m=[32m"24"[39m
            [33mstroke[39m=[32m"currentColor"[39m
            [33mstroke-linecap[39m=[32m"round"[39m
            [33mstroke-linejoin[39m=[32m"round"[39m
            [33mstroke-width[39m=[32m"2"[39m
            [33mviewBox[39m=[32m"0 0 24 24"[39m
            [33mwidth[39m=[32m"24"[39m
            [33mxmlns[39m=[32m"http://www.w3.org/2000/svg"[39m
          [36m>[39m
            [36m<path[39m
              [33md[39m=[32m"m12 19-7-7 7-7"[39m
            [36m/>[39m
            [36m<path[39m
              [33md[39m=[32m"M19 12H5"[39m
            [36m/>[39m
          [36m</svg>[39m
          [0mBack to Dashboard[0m
        [36m</button>[39m
        [36m<div[39m
          [33mclass[39m=[32m"flex items-start justify-between"[39m
        [36m>[39m
          [36m<div[39m
            [33mclass[39m=[32m"flex items-start gap-4"[39m
          [36m>[39m
            [36m<div[39m
              [33mclass[39m=[32m"flex h-12 w-12 items-center justify-center rounded-lg bg-primary/10 text-primary"[39m
            [36m>[39m
              [36m<svg[39m
                [33mclass[39m=[32m"lucide lucide-building2 h-6 w-6"[39m
                [33mfill[39m=[32m"none"[39m
                [33mheight[39m=[32m"24"[39m
                [33mstroke[39m=[32m"currentColor"[39m
                [33mstroke-linecap[39m=[32m"round"[39m
                [33mstroke-linejoin[39m=[32m"round"[39m
                [33mstroke-width[39m=[32m"2"[39m
                [33mviewBox[39m=[32m"0 0 24 24"[39m
                [33mwidth[39m=[32m"24"[39m
                [33mxmlns[39m=[32m"http://www.w3.org/2000/svg"[39m
              [36m>[39m
                [36m<path[39m
                  [33md[39m=[32m"M6 22V4a2 2 0 0 1 2-2h8a2 2 0 0 1 2 2v18Z"[39m
                [36m/>[39m
                [36m<path[39m
                  [33md[39m=[32m"M6 12H4a2 2 0 0 0-2 2v6a2 2 0 0 0 2 2h2"[39m
                [36m/>[39m
                [36m<path[39m
                  [33md[39m=[32m"M18 9h2a2 2 0 0 1 2 2v9a2 2 0 0 1-2 2h-2"[39m
                [36m/>[39m
                [36m<path[39m
                  [33md[39m=[32m"M10 6h4"[39m
                [36m/>[39m
                [36m<path[39m
                  [33md[39m=[32m"M10 10h4"[39m
                [36m/>[39m
                [36m<path[39m
                  [33md[39m=[32m"M10 14h4"[39m
                [36m/>[39m
                [36m<path[39m
                  [33md[39m=[32m"M10 18h4"[39m
                [36m/>[39m
              [36m</svg>[39m
            [36m</div>[39m
            [36m<div>[39m
              [36m<h1[39m
                [33mclass[39m=[32m"page-title"[39m
              [36m>[39m
                [0mSoftware Engineer[0m
              [36m</h1>[39m
              [36m<p[39m
                [33mclass[39m=[32m"text-muted-foreground flex items-center gap-2"[39m
              [36m>[39m
                [0mTest Company[0m
              [36m</p>[39m
            [36m</div>[39m
          [36m</div>[39m
          [36m<div[39m
            [33mclass[39m=[32m"flex items-center gap-4"[39m
          [36m>[39m
            [36m<div[39m
              [33mclass[39m=[32m"inline-flex items-center rounded-full border text-xs transition-colors focus:outline-none focus:ring-2 focus:ring-ring focus:ring-offset-2 font-medium px-2.5 py-0.5 bg-success/10 text-success hover:bg-success/20 border-success/20 mr-2"[39m
            [36m>[39m
              [0m85[0m
              [0m%[0m
            [36m</div>[39m
            [36m<div[39m
              [33mclass[39m=[32m"flex items-center gap-2"[39m
            [36m>[39m
              [36m<button[39m
                [33maria-checked[39m=[32m"false"[39m
                [33mclass[39m=[32m"peer h-4 w-4 shrink-0 rounded-sm border border-primary ring-offset-background data-[state=checked]:bg-primary data-[state=checked]:text-primary-foreground focus-visible:outline-none focus-visible:ring-2 focus-visible:ring-ring focus-visible:ring-offset-2 disabled:cursor-not-allowed disabled:opacity-50"[39m
                [33mdata-state[39m=[32m"unchecked"[39m
                [33mid[39m=[32m"applied"[39m
                [33mrole[39m=[32m"checkbox"[39m
                [33mtype[39m=[32m"button"[39m
                [33mvalue[39m=[32m"on"[39m
              [36m/>[39m
              [36m<label[39m
                [33mclass[39m=[32m"peer-disabled:cursor-not-allowed peer-disabled:opacity-70 text-sm font-medium cursor-pointer"[39m
                [33mfor[39m=[32m"applied"[39m
              [36m>[39m
                [0mApplied[0m
              [36m</label>[39m
            [36m</div>[39m
            [36m<div[39m
              [33mclass[39m=[32m"flex items-center gap-2"[39m
            [36m>[39m
              [36m<button[39m
                [33maria-controls[39m=[32m"radix-:ro:"[39m
                [33maria-expanded[39m=[32m"false"[39m
                [33maria-haspopup[39m=[32m"dialog"[39m
                [33mclass[39m=[32m"inline-flex items-center justify-center gap-2 whitespace-nowrap rounded-md text-sm font-medium ring-offset-background transition-colors focus-visible:outline-none focus-visible:ring-2 focus-visible:ring-ring focus-visible:ring-offset-2 disabled:pointer-events-none disabled:opacity-50 [&_svg]:pointer-events-none [&_svg]:size-4 [&_svg]:shrink-0 border border-input bg-background hover:bg-accent hover:text-accent-foreground h-10 px-4 py-2"[39m
                [33mdata-state[39m=[32m"closed"[39m
                [33mtype[39m=[32m"button"[39m
              [36m>[39m
                [36m<svg[39m
                  [33mclass[39m=[32m"lucide lucide-refresh-cw mr-2 h-4 w-4"[39m
                  [33mfill[39m=[32m"none"[39m
                  [33mheight[39m=[32m"24"[39m
                  [33mstroke[39m=[32m"currentColor"[39m
                  ...

Ignored nodes: comments, script, style
[36m<html>[39m
  [36m<head />[39m
  [36m<body[39m
    [33mstyle[39m=[32m""[39m
  [36m>[39m
    [36m<div>[39m
      [36m<div[39m
        [33mclass[39m=[32m"page-container"[39m
      [36m>[39m
        [36m<div[39m
          [33mclass[39m=[32m"page-header"[39m
        [36m>[39m
          [36m<button[39m
            [33mclass[39m=[32m"inline-flex items-center justify-center gap-2 whitespace-nowrap text-sm font-medium ring-offset-background transition-colors focus-visible:outline-none focus-visible:ring-2 focus-visible:ring-ring focus-visible:ring-offset-2 disabled:pointer-events-none disabled:opacity-50 [&_svg]:pointer-events-none [&_svg]:size-4 [&_svg]:shrink-0 hover:bg-accent hover:text-accent-foreground h-9 rounded-md px-3 mb-4 -ml-2"[39m
          [36m>[39m
            [36m<svg[39m
              [33mclass[39m=[32m"lucide lucide-arrow-left mr-2 h-4 w-4"[39m
              [33mfill[39m=[32m"none"[39m
              [33mheight[39m=[32m"24"[39m
              [33mstroke[39m=[32m"currentColor"[39m
              [33mstroke-linecap[39m=[32m"round"[39m
              [33mstroke-linejoin[39m=[32m"round"[39m
              [33mstroke-width[39m=[32m"2"[39m
              [33mviewBox[39m=[32m"0 0 24 24"[39m
              [33mwidth[39m=[32m"24"[39m
              [33mxmlns[39m=[32m"http://www.w3.org/2000/svg"[39m
            [36m>[39m
              [36m<path[39m
                [33md[39m=[32m"m12 19-7-7 7-7"[39m
              [36m/>[39m
              [36m<path[39m
                [33md[39m=[32m"M19 12H5"[39m
              [36m/>[39m
            [36m</svg>[39m
            [0mBack to Dashboard[0m
          [36m</button>[39m
          [36m<div[39m
            [33mclass[39m=[32m"flex items-start justify-between"[39m
          [36m>[39m
            [36m<div[39m
              [33mclass[39m=[32m"flex items-start gap-4"[39m
            [36m>[39m
              [36m<div[39m
                [33mclass[39m=[32m"flex h-12 w-12 items-center justify-center rounded-lg bg-primary/10 text-primary"[39m
              [36m>[39m
                [36m<svg[39m
                  [33mclass[39m=[32m"lucide lucide-building2 h-6 w-6"[39m
                  [33mfill[39m=[32m"none"[39m
                  [33mheight[39m=[32m"24"[39m
                  [33mstroke[39m=[32m"currentColor"[39m
                  [33mstroke-linecap[39m=[32m"round"[39m
                  [33mstroke-linejoin[39m=[32m"round"[39m
                  [33mstroke-width[39m=[32m"2"[39m
                  [33mviewBox[39m=[32m"0 0 24 24"[39m
                  [33mwidth[39m=[32m"24"[39m
                  [33mxmlns[39m=[32m"http://www.w3.org/2000/svg"[39m
                [36m>[39m
                  [36m<path[39m
                    [33md[39m=[32m"M6 22V4a2 2 0 0 1 2-2h8a2 2 0 0 1 2 2v18Z"[39m
                  [36m/>[39m
                  [36m<path[39m
                    [33md[39m=[32m"M6 12H4a2 2 0 0 0-2 2v6a2 2 0 0 0 2 2h2"[39m
                  [36m/>[39m
                  [36m<path[39m
                    [33md[39m=[32m"M18 9h2a2 2 0 0 1 2 2v9a2 2 0 0 1-2 2h-2"[39m
                  [36m/>[39m
                  [36m<path[39m
                    [33md[39m=[32m"M10 6h4"[39m
                  [36m/>[39m
                  [36m<path[39m
                    [33md[39m=[32m"M10 10h4"[39m
                  [36m/>[39m
                  [36m<path[39m
                    [33md[39m=[32m"M10 14h4"[39m
                  [36m/>[39m
                  [36m<path[39m
                    [33md[39m=[32m"M10 18h4"[39m
                  [36m/>[39m
                [36m</svg>[39m
              [36m</div>[39m
              [36m<div>[39m
                [36m<h1[39m
                  [33mclass[39m=[32m"page-title"[39m
                [36m>[39m
                  [0mSoftware Engineer[0m
                [36m</h1>[39m
                [36m<p[39m
                  [33mclass[39m=[32m"text-muted-foreground flex items-center gap-2"[39m
                [36m>[39m
                  [0mTest Company[0m
                [36m</p>[39m
              [36m</div>[39m
            [36m</div>[39m
            [36m<div[39m
              [33mclass[39m=[32m"flex items-center gap-4"[39m
            [36m>[39m
              [36m<div[39m
                [33mclass[39m=[32m"inline-flex items-center rounded-full border text-xs transition-colors focus:outline-none focus:ring-2 focus:ring-ring focus:ring-offset-2 font-medium px-2.5 py-0.5 bg-success/10 text-success hover:bg-success/20 border-success/20 mr-2"[39m
              [36m>[39m
                [0m85[0m
                [0m%[0m
              [36m</div>[39m
              [36m<div[39m
                [33mclass[39m=[32m"flex items-center gap-2"[39m
              [36m>[39m
                [36m<button[39m
                  [33maria-checked[39m=[32m"false"[39m
                  [33mclass[39m=[32m"peer h-4 w-4 shrink-0 rounded-sm border border-primary ring-offset-background data-[state=checked]:bg-primary data-[state=checked]:text-primary-foreground focus-visible:outline-none focus-visible:ring-2 focus-visible:ring-ring focus-visible:ring-offset-2 disabled:cursor-not-allowed disabled:opacity-50"[39m
                  [33mdata-state[39m=[32m"unchecked"[39m
                  [33mid[39m=[32m"applied"[39m
                  [33mrole[39m=[32m"checkbox"[39m
                  [33mtype[39m=[32m"button"[39m
                  [33mvalue[39m=[32m"on"[39m
                [36m/>[39m
                [36m<label[39m
                  [33mclass[39m=[32m"peer-disabled:cursor-not-allowed peer-disabled:opacity-70 text-sm font-medium cursor-pointer"[39m
                  [33mfor[39m=[32m"applied"[39m
                [36m>[39m
                  [0mApplied[0m
                [36m</label>[39m
              [36m</div>[39m
              [36m<div[39m
                [33mclass[39m=[32m"flex items-center gap-2"[39m
              [36m>[39m
                [36m<button[39m
                  [33maria-controls[39m=[32m"radix-:ro:"[39m
                  [33maria-expanded[39m=[32m"false"[39m
                  [33maria-haspopup[39m=[32m"dialog"[39m
                  [33mclass[39m=[32m"inline-flex items-center justify-center gap-2 whitespace-nowrap rounded-md text-sm font-medium ring-offset-background transition-colors focus-visible:outline-none focus-visible:ring-2 focus-visible:ring-ring focus-visible:ring-offset-2 disabled:pointer-events-none disabled:opacity-50 [&_svg]:pointer-events-none [&_svg]:size-4 [&_svg]:shrink-0 border border-input bg-background hover:bg-accent hover:text-accent-foreground h-10 px-4 py-2"[39m
                  [33mdata-state[39m=[32m"closed"[39m
                  [33mtype[39m=[32m"button"[39m
                [36m>[...
   ✓ JobDetail Page > should call downloadJobPdf with correct type when download button is clicked 156ms

⎯⎯⎯⎯⎯⎯⎯ Failed Tests 3 ⎯⎯⎯⎯⎯⎯⎯

 FAIL  src/test/JobDetail.test.tsx > JobDetail Page > should toggle applied status when checkbox is clicked
Error: [2mexpect([22m[31melement[39m[2m).toBeChecked()[22m

Received element is not checked:
  [31m<button
  aria-checked="false"
  class="peer h-4 w-4 shrink-0 rounded-sm border border-primary ring-offset-background data-[state=checked]:bg-primary data-[state=checked]:text-primary-foreground focus-visible:outline-none focus-visible:ring-2 focus-visible:ring-ring focus-visible:ring-offset-2 disabled:cursor-not-allowed disabled:opacity-50"
  data-state="unchecked"
  id="applied"
  role="checkbox"
  type="button"
  value="on"
/>[39m

Ignored nodes: comments, script, style
[36m<html>[39m
  [36m<head />[39m
  [36m<body>[39m
    [36m<div>[39m
      [36m<div[39m
        [33mclass[39m=[32m"page-container"[39m
      [36m>[39m
        [36m<div[39m
          [33mclass[39m=[32m"page-header"[39m
        [36m>[39m
          [36m<button[39m
            [33mclass[39m=[32m"inline-flex items-center justify-center gap-2 whitespace-nowrap text-sm font-medium ring-offset-background transition-colors focus-visible:outline-none focus-visible:ring-2 focus-visible:ring-ring focus-visible:ring-offset-2 disabled:pointer-events-none disabled:opacity-50 [&_svg]:pointer-events-none [&_svg]:size-4 [&_svg]:shrink-0 hover:bg-accent hover:text-accent-foreground h-9 rounded-md px-3 mb-4 -ml-2"[39m
          [36m>[39m
            [36m<svg[39m
              [33mclass[39m=[32m"lucide lucide-arrow-left mr-2 h-4 w-4"[39m
              [33mfill[39m=[32m"none"[39m
              [33mheight[39m=[32m"24"[39m
              [33mstroke[39m=[32m"currentColor"[39m
              [33mstroke-linecap[39m=[32m"round"[39m
              [33mstroke-linejoin[39m=[32m"round"[39m
              [33mstroke-width[39m=[32m"2"[39m
              [33mviewBox[39m=[32m"0 0 24 24"[39m
              [33mwidth[39m=[32m"24"[39m
              [33mxmlns[39m=[32m"http://www.w3.org/2000/svg"[39m
            [36m>[39m
              [36m<path[39m
                [33md[39m=[32m"m12 19-7-7 7-7"[39m
              [36m/>[39m
              [36m<path[39m
                [33md[39m=[32m"M19 12H5"[39m
              [36m/>[39m
            [36m</svg>[39m
            [0mBack to Dashboard[0m
          [36m</button>[39m
          [36m<div[39m
            [33mclass[39m=[32m"flex items-start justify-between"[39m
          [36m>[39m
            [36m<div[39m
              [33mclass[39m=[32m"flex items-start gap-4"[39m
            [36m>[39m
              [36m<div[39m
                [33mclass[39m=[32m"flex h-12 w-12 items-center justify-center rounded-lg bg-primary/10 text-primary"[39m
              [36m>[39m
                [36m<svg[39m
                  [33mclass[39m=[32m"lucide lucide-building2 h-6 w-6"[39m
                  [33mfill[39m=[32m"none"[39m
                  [33mheight[39m=[32m"24"[39m
                  [33mstroke[39m=[32m"currentColor"[39m
                  [33mstroke-linecap[39m=[32m"round"[39m
                  [33mstroke-linejoin[39m=[32m"round"[39m
                  [33mstroke-width[39m=[32m"2"[39m
                  [33mviewBox[39m=[32m"0 0 24 24"[39m
                  [33mwidth[39m=[32m"24"[39m
                  [33mxmlns[39m=[32m"http://www.w3.org/2000/svg"[39m
                [36m>[39m
                  [36m<path[39m
                    [33md[39m=[32m"M6 22V4a2 2 0 0 1 2-2h8a2 2 0 0 1 2 2v18Z"[39m
                  [36m/>[39m
                  [36m<path[39m
                    [33md[39m=[32m"M6 12H4a2 2 0 0 0-2 2v6a2 2 0 0 0 2 2h2"[39m
                  [36m/>[39m
                  [36m<path[39m
                    [33md[39m=[32m"M18 9h2a2 2 0 0 1 2 2v9a2 2 0 0 1-2 2h-2"[39m
                  [36m/>[39m
                  [36m<path[39m
                    [33md[39m=[32m"M10 6h4"[39m
                  [36m/>[39m
                  [36m<path[39m
                    [33md[39m=[32m"M10 10h4"[39m
                  [36m/>[39m
                  [36m<path[39m
                    [33md[39m=[32m"M10 14h4"[39m
                  [36m/>[39m
                  [36m<path[39m
                    [33md[39m=[32m"M10 18h4"[39m
                  [36m/>[39m
                [36m</svg>[39m
              [36m</div>[39m
              [36m<div>[39m
                [36m<h1[39m
                  [33mclass[39m=[32m"page-title"[39m
                [36m>[39m
                  [0mSoftware Engineer[0m
                [36m</h1>[39m
                [36m<p[39m
                  [33mclass[39m=[32m"text-muted-foreground flex items-center gap-2"[39m
                [36m>[39m
                  [0mTest Company[0m
                [36m</p>[39m
              [36m</div>[39m
            [36m</div>[39m
            [36m<div[39m
              [33mclass[39m=[32m"flex items-center gap-4"[39m
            [36m>[39m
              [36m<div[39m
                [33mclass[39m=[32m"inline-flex items-center rounded-full border text-xs transition-colors focus:outline-none focus:ring-2 focus:ring-ring focus:ring-offset-2 font-medium px-2.5 py-0.5 bg-success/10 text-success hover:bg-success/20 border-success/20 mr-2"[39m
              [36m>[39m
                [0m85[0m
                [0m%[0m
              [36m</div>[39m
              [36m<div[39m
                [33mclass[39m=[32m"flex items-center gap-2"[39m
              [36m>[39m
                [36m<button[39m
                  [33maria-checked[39m=[32m"false"[39m
                  [33mclass[39m=[32m"peer h-4 w-4 shrink-0 rounded-sm border border-primary ring-offset-background data-[state=checked]:bg-primary data-[state=checked]:text-primary-foreground focus-visible:outline-none focus-visible:ring-2 focus-visible:ring-ring focus-visible:ring-offset-2 disabled:cursor-not-allowed disabled:opacity-50"[39m
                  [33mdata-state[39m=[32m"unchecked"[39m
                  [33mid[39m=[32m"applied"[39m
                  [33mrole[39m=[32m"checkbox"[39m
                  [33mtype[39m=[32m"button"[39m
                  [33mvalue[39m=[32m"on"[39m
                [36m/>[39m
                [36m<label[39m
                  [33mclass[39m=[32m"peer-disabled:cursor-not-allowed peer-disabled:opacity-70 text-sm font-medium cursor-pointer"[39m
                  [33mfor[39m=[32m"applied"[39m
                [36m>[39m
                  [0mApplied[0m
                [36m</label>[39m
              [36m</div>[39m
              [36m<div[39m
                [33mclass[39m=[32m"flex items-center gap-2"[39m
              [36m>[39m
                [36m<button[39m
                  [33maria-controls[39m=[32m"radix-:r6:"[39m
                  [33maria-expanded[39m=[32m"false"[39m
                  [33maria-haspopup[39m=[32m"dialog"[39m
                  [33mclass[39m=[32m"inline-flex items-center justify-center gap-2 whitespace-nowrap rounded-md text-sm font-medium ring-offset-background transition-colors focus-visible:outline-none focus-visible:ring-2 focus-visible:ring-ring focus-visible:ring-offset-2 disabled:pointer-events-none disabled:opacity-50 [&_svg]:pointer-events-none [&_svg]:size-4 [&_svg]:shrink-0 border border-input bg-background hover:bg-accent hover:text-accent-foreground h-10 px-4 py-2"[39m
                  [33mdata-state[39m=[32m"closed"[39m
                  [33mtype[39m=[32m"button"[39m
                [36m>[39m
                  [36m<svg[39m
         ...
 ❯ src/test/JobDetail.test.tsx:91:30
     89| 
     90|         await waitFor(() => {
     91|             expect(checkbox).toBeChecked();
       |                              ^
     92|         });
     93|     });
 ❯ runWithExpensiveErrorDiagnosticsDisabled node_modules/@testing-library/dom/dist/config.js:47:12
 ❯ checkCallback node_modules/@testing-library/dom/dist/wait-for.js:124:77
 ❯ Timeout.checkRealTimersCallback node_modules/@testing-library/dom/dist/wait-for.js:118:16

⎯⎯⎯⎯⎯⎯⎯⎯⎯⎯⎯⎯⎯⎯⎯⎯⎯⎯⎯⎯⎯⎯⎯⎯[1/3]⎯

 FAIL  src/test/JobDetail.test.tsx > JobDetail Page > should revert applied status when unchecking
Error: [2mexpect([22m[31melement[39m[2m).not.toBeChecked()[22m

Received element is checked:
  [31m<button
  aria-checked="true"
  class="peer h-4 w-4 shrink-0 rounded-sm border border-primary ring-offset-background data-[state=checked]:bg-primary data-[state=checked]:text-primary-foreground focus-visible:outline-none focus-visible:ring-2 focus-visible:ring-ring focus-visible:ring-offset-2 disabled:cursor-not-allowed disabled:opacity-50"
  data-state="checked"
  id="applied"
  role="checkbox"
  type="button"
  value="on"
/>[39m

Ignored nodes: comments, script, style
[36m<html>[39m
  [36m<head />[39m
  [36m<body>[39m
    [36m<div>[39m
      [36m<div[39m
        [33mclass[39m=[32m"page-container"[39m
      [36m>[39m
        [36m<div[39m
          [33mclass[39m=[32m"page-header"[39m
        [36m>[39m
          [36m<button[39m
            [33mclass[39m=[32m"inline-flex items-center justify-center gap-2 whitespace-nowrap text-sm font-medium ring-offset-background transition-colors focus-visible:outline-none focus-visible:ring-2 focus-visible:ring-ring focus-visible:ring-offset-2 disabled:pointer-events-none disabled:opacity-50 [&_svg]:pointer-events-none [&_svg]:size-4 [&_svg]:shrink-0 hover:bg-accent hover:text-accent-foreground h-9 rounded-md px-3 mb-4 -ml-2"[39m
          [36m>[39m
            [36m<svg[39m
              [33mclass[39m=[32m"lucide lucide-arrow-left mr-2 h-4 w-4"[39m
              [33mfill[39m=[32m"none"[39m
              [33mheight[39m=[32m"24"[39m
              [33mstroke[39m=[32m"currentColor"[39m
              [33mstroke-linecap[39m=[32m"round"[39m
              [33mstroke-linejoin[39m=[32m"round"[39m
              [33mstroke-width[39m=[32m"2"[39m
              [33mviewBox[39m=[32m"0 0 24 24"[39m
              [33mwidth[39m=[32m"24"[39m
              [33mxmlns[39m=[32m"http://www.w3.org/2000/svg"[39m
            [36m>[39m
              [36m<path[39m
                [33md[39m=[32m"m12 19-7-7 7-7"[39m
              [36m/>[39m
              [36m<path[39m
                [33md[39m=[32m"M19 12H5"[39m
              [36m/>[39m
            [36m</svg>[39m
            [0mBack to Dashboard[0m
          [36m</button>[39m
          [36m<div[39m
            [33mclass[39m=[32m"flex items-start justify-between"[39m
          [36m>[39m
            [36m<div[39m
              [33mclass[39m=[32m"flex items-start gap-4"[39m
            [36m>[39m
              [36m<div[39m
                [33mclass[39m=[32m"flex h-12 w-12 items-center justify-center rounded-lg bg-primary/10 text-primary"[39m
              [36m>[39m
                [36m<svg[39m
                  [33mclass[39m=[32m"lucide lucide-building2 h-6 w-6"[39m
                  [33mfill[39m=[32m"none"[39m
                  [33mheight[39m=[32m"24"[39m
                  [33mstroke[39m=[32m"currentColor"[39m
                  [33mstroke-linecap[39m=[32m"round"[39m
                  [33mstroke-linejoin[39m=[32m"round"[39m
                  [33mstroke-width[39m=[32m"2"[39m
                  [33mviewBox[39m=[32m"0 0 24 24"[39m
                  [33mwidth[39m=[32m"24"[39m
                  [33mxmlns[39m=[32m"http://www.w3.org/2000/svg"[39m
                [36m>[39m
                  [36m<path[39m
                    [33md[39m=[32m"M6 22V4a2 2 0 0 1 2-2h8a2 2 0 0 1 2 2v18Z"[39m
                  [36m/>[39m
                  [36m<path[39m
                    [33md[39m=[32m"M6 12H4a2 2 0 0 0-2 2v6a2 2 0 0 0 2 2h2"[39m
                  [36m/>[39m
                  [36m<path[39m
                    [33md[39m=[32m"M18 9h2a2 2 0 0 1 2 2v9a2 2 0 0 1-2 2h-2"[39m
                  [36m/>[39m
                  [36m<path[39m
                    [33md[39m=[32m"M10 6h4"[39m
                  [36m/>[39m
                  [36m<path[39m
                    [33md[39m=[32m"M10 10h4"[39m
                  [36m/>[39m
                  [36m<path[39m
                    [33md[39m=[32m"M10 14h4"[39m
                  [36m/>[39m
                  [36m<path[39m
                    [33md[39m=[32m"M10 18h4"[39m
                  [36m/>[39m
                [36m</svg>[39m
              [36m</div>[39m
              [36m<div>[39m
                [36m<h1[39m
                  [33mclass[39m=[32m"page-title"[39m
                [36m>[39m
                  [0mSoftware Engineer[0m
                [36m</h1>[39m
                [36m<p[39m
                  [33mclass[39m=[32m"text-muted-foreground flex items-center gap-2"[39m
                [36m>[39m
                  [0mTest Company[0m
                [36m</p>[39m
              [36m</div>[39m
            [36m</div>[39m
            [36m<div[39m
              [33mclass[39m=[32m"flex items-center gap-4"[39m
            [36m>[39m
              [36m<div[39m
                [33mclass[39m=[32m"inline-flex items-center rounded-full border text-xs transition-colors focus:outline-none focus:ring-2 focus:ring-ring focus:ring-offset-2 font-medium px-2.5 py-0.5 bg-success/10 text-success hover:bg-success/20 border-success/20 mr-2"[39m
              [36m>[39m
                [0m85[0m
                [0m%[0m
              [36m</div>[39m
              [36m<div[39m
                [33mclass[39m=[32m"flex items-center gap-2"[39m
              [36m>[39m
                [36m<button[39m
                  [33maria-checked[39m=[32m"true"[39m
                  [33mclass[39m=[32m"peer h-4 w-4 shrink-0 rounded-sm border border-primary ring-offset-background data-[state=checked]:bg-primary data-[state=checked]:text-primary-foreground focus-visible:outline-none focus-visible:ring-2 focus-visible:ring-ring focus-visible:ring-offset-2 disabled:cursor-not-allowed disabled:opacity-50"[39m
                  [33mdata-state[39m=[32m"checked"[39m
                  [33mid[39m=[32m"applied"[39m
                  [33mrole[39m=[32m"checkbox"[39m
                  [33mtype[39m=[32m"button"[39m
                  [33mvalue[39m=[32m"on"[39m
                [36m>[39m
                  [36m<span[39m
                    [33mclass[39m=[32m"flex items-center justify-center text-current"[39m
                    [33mdata-state[39m=[32m"checked"[39m
                    [33mstyle[39m=[32m"pointer-events: none;"[39m
                  [36m>[39m
                    [36m<svg[39m
                      [33mclass[39m=[32m"lucide lucide-check h-4 w-4"[39m
                      [33mfill[39m=[32m"none"[39m
                      [33mheight[39m=[32m"24"[39m
                      [33mstroke[39m=[32m"currentColor"[39m
                      [33mstroke-linecap[39m=[32m"round"[39m
                      [33mstroke-linejoin[39m=[32m"round"[39m
                      [33mstroke-width[39m=[32m"2"[39m
                      [33mviewBox[39m=[32m"0 0 24 24"[39m
                      [33mwidth[39m=[32m"24"[39m
                      [33mxmlns[39m=[32m"http://www.w3.org/2000/svg"[39m
                    [36m>[39m
                      [36m<path[39m
                        [33md[39m=[32m"M20 6 9 17l-5-5"[39m
                      [36m/>[39m
                    [36m</svg>[39m
                  [36m</span>[39m
                [36m</button>[39m
                [36m<label[39m
                  [33mclass[39m=[32m"peer-disabled:cursor-not-allowed peer-disabled:opacity-70...
 ❯ src/test/JobDetail.test.tsx:119:34
    117| 
    118|         await waitFor(() => {
    119|             expect(checkbox).not.toBeChecked();
       |                                  ^
    120|         });
    121|     });
 ❯ runWithExpensiveErrorDiagnosticsDisabled node_modules/@testing-library/dom/dist/config.js:47:12
 ❯ checkCallback node_modules/@testing-library/dom/dist/wait-for.js:124:77
 ❯ Timeout.checkRealTimersCallback node_modules/@testing-library/dom/dist/wait-for.js:118:16

⎯⎯⎯⎯⎯⎯⎯⎯⎯⎯⎯⎯⎯⎯⎯⎯⎯⎯⎯⎯⎯⎯⎯⎯[2/3]⎯

 FAIL  src/test/JobDetail.test.tsx > JobDetail Page > should handle content regeneration
TestingLibraryElementError: Unable to find an element with the text: 95%. This could be because the text is broken up by multiple elements. In this case, you can provide a function for your text matcher to make your matcher more flexible.

Ignored nodes: comments, script, style
[36m<body[39m
  [33mstyle[39m=[32m""[39m
[36m>[39m
  [36m<div>[39m
    [36m<div[39m
      [33mclass[39m=[32m"page-container"[39m
    [36m>[39m
      [36m<div[39m
        [33mclass[39m=[32m"page-header"[39m
      [36m>[39m
        [36m<button[39m
          [33mclass[39m=[32m"inline-flex items-center justify-center gap-2 whitespace-nowrap text-sm font-medium ring-offset-background transition-colors focus-visible:outline-none focus-visible:ring-2 focus-visible:ring-ring focus-visible:ring-offset-2 disabled:pointer-events-none disabled:opacity-50 [&_svg]:pointer-events-none [&_svg]:size-4 [&_svg]:shrink-0 hover:bg-accent hover:text-accent-foreground h-9 rounded-md px-3 mb-4 -ml-2"[39m
        [36m>[39m
          [36m<svg[39m
            [33mclass[39m=[32m"lucide lucide-arrow-left mr-2 h-4 w-4"[39m
            [33mfill[39m=[32m"none"[39m
            [33mheight[39m=[32m"24"[39m
            [33mstroke[39m=[32m"currentColor"[39m
            [33mstroke-linecap[39m=[32m"round"[39m
            [33mstroke-linejoin[39m=[32m"round"[39m
            [33mstroke-width[39m=[32m"2"[39m
            [33mviewBox[39m=[32m"0 0 24 24"[39m
            [33mwidth[39m=[32m"24"[39m
            [33mxmlns[39m=[32m"http://www.w3.org/2000/svg"[39m
          [36m>[39m
            [36m<path[39m
              [33md[39m=[32m"m12 19-7-7 7-7"[39m
            [36m/>[39m
            [36m<path[39m
              [33md[39m=[32m"M19 12H5"[39m
            [36m/>[39m
          [36m</svg>[39m
          [0mBack to Dashboard[0m
        [36m</button>[39m
        [36m<div[39m
          [33mclass[39m=[32m"flex items-start justify-between"[39m
        [36m>[39m
          [36m<div[39m
            [33mclass[39m=[32m"flex items-start gap-4"[39m
          [36m>[39m
            [36m<div[39m
              [33mclass[39m=[32m"flex h-12 w-12 items-center justify-center rounded-lg bg-primary/10 text-primary"[39m
            [36m>[39m
              [36m<svg[39m
                [33mclass[39m=[32m"lucide lucide-building2 h-6 w-6"[39m
                [33mfill[39m=[32m"none"[39m
                [33mheight[39m=[32m"24"[39m
                [33mstroke[39m=[32m"currentColor"[39m
                [33mstroke-linecap[39m=[32m"round"[39m
                [33mstroke-linejoin[39m=[32m"round"[39m
                [33mstroke-width[39m=[32m"2"[39m
                [33mviewBox[39m=[32m"0 0 24 24"[39m
                [33mwidth[39m=[32m"24"[39m
                [33mxmlns[39m=[32m"http://www.w3.org/2000/svg"[39m
              [36m>[39m
                [36m<path[39m
                  [33md[39m=[32m"M6 22V4a2 2 0 0 1 2-2h8a2 2 0 0 1 2 2v18Z"[39m
                [36m/>[39m
                [36m<path[39m
                  [33md[39m=[32m"M6 12H4a2 2 0 0 0-2 2v6a2 2 0 0 0 2 2h2"[39m
                [36m/>[39m
                [36m<path[39m
                  [33md[39m=[32m"M18 9h2a2 2 0 0 1 2 2v9a2 2 0 0 1-2 2h-2"[39m
                [36m/>[39m
                [36m<path[39m
                  [33md[39m=[32m"M10 6h4"[39m
                [36m/>[39m
                [36m<path[39m
                  [33md[39m=[32m"M10 10h4"[39m
                [36m/>[39m
                [36m<path[39m
                  [33md[39m=[32m"M10 14h4"[39m
                [36m/>[39m
                [36m<path[39m
                  [33md[39m=[32m"M10 18h4"[39m
                [36m/>[39m
              [36m</svg>[39m
            [36m</div>[39m
            [36m<div>[39m
              [36m<h1[39m
                [33mclass[39m=[32m"page-title"[39m
              [36m>[39m
                [0mSoftware Engineer[0m
              [36m</h1>[39m
              [36m<p[39m
                [33mclass[39m=[32m"text-muted-foreground flex items-center gap-2"[39m
              [36m>[39m
                [0mTest Company[0m
              [36m</p>[39m
            [36m</div>[39m
          [36m</div>[39m
          [36m<div[39m
            [33mclass[39m=[32m"flex items-center gap-4"[39m
          [36m>[39m
            [36m<div[39m
              [33mclass[39m=[32m"inline-flex items-center rounded-full border text-xs transition-colors focus:outline-none focus:ring-2 focus:ring-ring focus:ring-offset-2 font-medium px-2.5 py-0.5 bg-success/10 text-success hover:bg-success/20 border-success/20 mr-2"[39m
            [36m>[39m
              [0m85[0m
              [0m%[0m
            [36m</div>[39m
            [36m<div[39m
              [33mclass[39m=[32m"flex items-center gap-2"[39m
            [36m>[39m
              [36m<button[39m
                [33maria-checked[39m=[32m"false"[39m
                [33mclass[39m=[32m"peer h-4 w-4 shrink-0 rounded-sm border border-primary ring-offset-background data-[state=checked]:bg-primary data-[state=checked]:text-primary-foreground focus-visible:outline-none focus-visible:ring-2 focus-visible:ring-ring focus-visible:ring-offset-2 disabled:cursor-not-allowed disabled:opacity-50"[39m
                [33mdata-state[39m=[32m"unchecked"[39m
                [33mid[39m=[32m"applied"[39m
                [33mrole[39m=[32m"checkbox"[39m
                [33mtype[39m=[32m"button"[39m
                [33mvalue[39m=[32m"on"[39m
              [36m/>[39m
              [36m<label[39m
                [33mclass[39m=[32m"peer-disabled:cursor-not-allowed peer-disabled:opacity-70 text-sm font-medium cursor-pointer"[39m
                [33mfor[39m=[32m"applied"[39m
              [36m>[39m
                [0mApplied[0m
              [36m</label>[39m
            [36m</div>[39m
            [36m<div[39m
              [33mclass[39m=[32m"flex items-center gap-2"[39m
            [36m>[39m
              [36m<button[39m
                [33maria-controls[39m=[32m"radix-:ro:"[39m
                [33maria-expanded[39m=[32m"false"[39m
                [33maria-haspopup[39m=[32m"dialog"[39m
                [33mclass[39m=[32m"inline-flex items-center justify-center gap-2 whitespace-nowrap rounded-md text-sm font-medium ring-offset-background transition-colors focus-visible:outline-none focus-visible:ring-2 focus-visible:ring-ring focus-visible:ring-offset-2 disabled:pointer-events-none disabled:opacity-50 [&_svg]:pointer-events-none [&_svg]:size-4 [&_svg]:shrink-0 border border-input bg-background hover:bg-accent hover:text-accent-foreground h-10 px-4 py-2"[39m
                [33mdata-state[39m=[32m"closed"[39m
                [33mtype[39m=[32m"button"[39m
              [36m>[39m
                [36m<svg[39m
                  [33mclass[39m=[32m"lucide lucide-refresh-cw mr-2 h-4 w-4"[39m
                  [33mfill[39m=[32m"none"[39m
                  [33mheight[39m=[32m"24"[39m
                  [33mstroke[39m=[32m"currentColor"[39m
                  ...

Ignored nodes: comments, script, style
[36m<html>[39m
  [36m<head />[39m
  [36m<body[39m
    [33mstyle[39m=[32m""[39m
  [36m>[39m
    [36m<div>[39m
      [36m<div[39m
        [33mclass[39m=[32m"page-container"[39m
      [36m>[39m
        [36m<div[39m
          [33mclass[39m=[32m"page-header"[39m
        [36m>[39m
          [36m<button[39m
            [33mclass[39m=[32m"inline-flex items-center justify-center gap-2 whitespace-nowrap text-sm font-medium ring-offset-background transition-colors focus-visible:outline-none focus-visible:ring-2 focus-visible:ring-ring focus-visible:ring-offset-2 disabled:pointer-events-none disabled:opacity-50 [&_svg]:pointer-events-none [&_svg]:size-4 [&_svg]:shrink-0 hover:bg-accent hover:text-accent-foreground h-9 rounded-md px-3 mb-4 -ml-2"[39m
          [36m>[39m
            [36m<svg[39m
              [33mclass[39m=[32m"lucide lucide-arrow-left mr-2 h-4 w-4"[39m
              [33mfill[39m=[32m"none"[39m
              [33mheight[39m=[32m"24"[39m
              [33mstroke[39m=[32m"currentColor"[39m
              [33mstroke-linecap[39m=[32m"round"[39m
              [33mstroke-linejoin[39m=[32m"round"[39m
              [33mstroke-width[39m=[32m"2"[39m
              [33mviewBox[39m=[32m"0 0 24 24"[39m
              [33mwidth[39m=[32m"24"[39m
              [33mxmlns[39m=[32m"http://www.w3.org/2000/svg"[39m
            [36m>[39m
              [36m<path[39m
                [33md[39m=[32m"m12 19-7-7 7-7"[39m
              [36m/>[39m
              [36m<path[39m
                [33md[39m=[32m"M19 12H5"[39m
              [36m/>[39m
            [36m</svg>[39m
            [0mBack to Dashboard[0m
          [36m</button>[39m
          [36m<div[39m
            [33mclass[39m=[32m"flex items-start justify-between"[39m
          [36m>[39m
            [36m<div[39m
              [33mclass[39m=[32m"flex items-start gap-4"[39m
            [36m>[39m
              [36m<div[39m
                [33mclass[39m=[32m"flex h-12 w-12 items-center justify-center rounded-lg bg-primary/10 text-primary"[39m
              [36m>[39m
                [36m<svg[39m
                  [33mclass[39m=[32m"lucide lucide-building2 h-6 w-6"[39m
                  [33mfill[39m=[32m"none"[39m
                  [33mheight[39m=[32m"24"[39m
                  [33mstroke[39m=[32m"currentColor"[39m
                  [33mstroke-linecap[39m=[32m"round"[39m
                  [33mstroke-linejoin[39m=[32m"round"[39m
                  [33mstroke-width[39m=[32m"2"[39m
                  [33mviewBox[39m=[32m"0 0 24 24"[39m
                  [33mwidth[39m=[32m"24"[39m
                  [33mxmlns[39m=[32m"http://www.w3.org/2000/svg"[39m
                [36m>[39m
                  [36m<path[39m
                    [33md[39m=[32m"M6 22V4a2 2 0 0 1 2-2h8a2 2 0 0 1 2 2v18Z"[39m
                  [36m/>[39m
                  [36m<path[39m
                    [33md[39m=[32m"M6 12H4a2 2 0 0 0-2 2v6a2 2 0 0 0 2 2h2"[39m
                  [36m/>[39m
                  [36m<path[39m
                    [33md[39m=[32m"M18 9h2a2 2 0 0 1 2 2v9a2 2 0 0 1-2 2h-2"[39m
                  [36m/>[39m
                  [36m<path[39m
                    [33md[39m=[32m"M10 6h4"[39m
                  [36m/>[39m
                  [36m<path[39m
                    [33md[39m=[32m"M10 10h4"[39m
                  [36m/>[39m
                  [36m<path[39m
                    [33md[39m=[32m"M10 14h4"[39m
                  [36m/>[39m
                  [36m<path[39m
                    [33md[39m=[32m"M10 18h4"[39m
                  [36m/>[39m
                [36m</svg>[39m
              [36m</div>[39m
              [36m<div>[39m
                [36m<h1[39m
                  [33mclass[39m=[32m"page-title"[39m
                [36m>[39m
                  [0mSoftware Engineer[0m
                [36m</h1>[39m
                [36m<p[39m
                  [33mclass[39m=[32m"text-muted-foreground flex items-center gap-2"[39m
                [36m>[39m
                  [0mTest Company[0m
                [36m</p>[39m
              [36m</div>[39m
            [36m</div>[39m
            [36m<div[39m
              [33mclass[39m=[32m"flex items-center gap-4"[39m
            [36m>[39m
              [36m<div[39m
                [33mclass[39m=[32m"inline-flex items-center rounded-full border text-xs transition-colors focus:outline-none focus:ring-2 focus:ring-ring focus:ring-offset-2 font-medium px-2.5 py-0.5 bg-success/10 text-success hover:bg-success/20 border-success/20 mr-2"[39m
              [36m>[39m
                [0m85[0m
                [0m%[0m
              [36m</div>[39m
              [36m<div[39m
                [33mclass[39m=[32m"flex items-center gap-2"[39m
              [36m>[39m
                [36m<button[39m
                  [33maria-checked[39m=[32m"false"[39m
                  [33mclass[39m=[32m"peer h-4 w-4 shrink-0 rounded-sm border border-primary ring-offset-background data-[state=checked]:bg-primary data-[state=checked]:text-primary-foreground focus-visible:outline-none focus-visible:ring-2 focus-visible:ring-ring focus-visible:ring-offset-2 disabled:cursor-not-allowed disabled:opacity-50"[39m
                  [33mdata-state[39m=[32m"unchecked"[39m
                  [33mid[39m=[32m"applied"[39m
                  [33mrole[39m=[32m"checkbox"[39m
                  [33mtype[39m=[32m"button"[39m
                  [33mvalue[39m=[32m"on"[39m
                [36m/>[39m
                [36m<label[39m
                  [33mclass[39m=[32m"peer-disabled:cursor-not-allowed peer-disabled:opacity-70 text-sm font-medium cursor-pointer"[39m
                  [33mfor[39m=[32m"applied"[39m
                [36m>[39m
                  [0mApplied[0m
                [36m</label>[39m
              [36m</div>[39m
              [36m<div[39m
                [33mclass[39m=[32m"flex items-center gap-2"[39m
              [36m>[39m
                [36m<button[39m
                  [33maria-controls[39m=[32m"radix-:ro:"[39m
                  [33maria-expanded[39m=[32m"false"[39m
                  [33maria-haspopup[39m=[32m"dialog"[39m
                  [33mclass[39m=[32m"inline-flex items-center justify-center gap-2 whitespace-nowrap rounded-md text-sm font-medium ring-offset-background transition-colors focus-visible:outline-none focus-visible:ring-2 focus-visible:ring-ring focus-visible:ring-offset-2 disabled:pointer-events-none disabled:opacity-50 [&_svg]:pointer-events-none [&_svg]:size-4 [&_svg]:shrink-0 border border-input bg-background hover:bg-accent hover:text-accent-foreground h-10 px-4 py-2"[39m
                  [33mdata-state[39m=[32m"closed"[39m
                  [33mtype[39m=[32m"button"[39m
                [36m>[...
 ❯ Proxy.waitFor node_modules/@testing-library/dom/dist/wait-for.js:163:27
 ❯ src/test/JobDetail.test.tsx:177:15
    175|         expect(api.regenerateContent).toHaveBeenCalledWith('1', 'Bette…
    176| 
    177|         await waitFor(() => {
       |               ^
    178|             expect(screen.getByText('95%')).toBeInTheDocument();
    179|         });

⎯⎯⎯⎯⎯⎯⎯⎯⎯⎯⎯⎯⎯⎯⎯⎯⎯⎯⎯⎯⎯⎯⎯⎯[3/3]⎯


 Test Files  1 failed (1)
      Tests  3 failed | 3 passed (6)
   Start at  18:05:41
   Duration  6.27s (transform 79ms, setup 62ms, collect 529ms, tests 4.90s, environment 325ms, prepare 42ms)

